[2026-04-14 15:35:22] [INFO] Starting guideline import pipeline
[2026-04-14 15:35:22] [INFO] Root dir: /Users/shwenyu/IdeaProjects/haining_biomed
[2026-04-14 15:35:22] [INFO] DB target: 127.0.0.1:3306/biomed user=biomed
[2026-04-14 15:35:22] [INFO] Run mode: seed dryRun=0 strict=0
[2026-04-14 15:35:22] [INFO] Skipping migration stage
[2026-04-14 15:35:22] [INFO] Stage 2/3 - Running importer mode=seed
[2026-04-14 15:35:22] [INFO] Running cn.edu.zju.importer.CpicImporter (classpath seed TSV)
[main] INFO cn.edu.zju.importer.CpicImporter - CPIC importer loaded 524 drug names for id mapping
[main] INFO cn.edu.zju.importer.CpicImporter - CPIC guideline metadata refreshed id=CPIC-CYP2D6-CODEINE evidence=1A drugId=PA449088
[main] INFO cn.edu.zju.importer.CpicImporter - CPIC guideline metadata refreshed id=CPIC-CYP2C19-CLOPIDOGREL evidence=1A drugId=PA449053
[main] INFO cn.edu.zju.importer.CpicImporter - CPIC guideline metadata refreshed id=CPIC-CYP2C9-VKORC1-WARFARIN evidence=1A drugId=PA451906
[main] INFO cn.edu.zju.importer.CpicImporter - CPIC guideline metadata refreshed id=CPIC-SLCO1B1-SIMVASTATIN evidence=1A drugId=PA451363
[main] INFO cn.edu.zju.importer.CpicImporter - CPIC guideline metadata refreshed id=CPIC-HLA-B-ABACAVIR evidence=1A drugId=PA448004
[main] INFO cn.edu.zju.importer.CpicImporter - CPIC import done source=classpath:cpic_guideline_seed.tsv inserted=0 updated=5 skipped=0
[main] INFO cn.edu.zju.importer.CpicImporter - CPIC importer finished inserted=0
[2026-04-14 15:35:23] [INFO] Importer stage completed
[2026-04-14 15:35:23] [INFO] Stage 3/3 - Running verification SQL
[2026-04-14 15:35:23] [INFO] Source distribution:
[2026-04-14 15:35:23] [INFO]   dutch pharmacogenetics working group:92
[2026-04-14 15:35:23] [INFO]   clinical pharmacogenetics implementation consortium:36
[2026-04-14 15:35:23] [INFO]   canadian pharmacogenomics network for drug safety:7
[2026-04-14 15:35:23] [INFO]   cpic:6
[2026-04-14 15:35:23] [INFO]   professional society:2
[2026-04-14 15:35:23] [INFO] Evidence distribution:
[2026-04-14 15:35:23] [INFO]   NULL:137
[2026-04-14 15:35:23] [INFO]   1A:5
[2026-04-14 15:35:23] [INFO]   4:1
[2026-04-14 15:35:23] [INFO] Null/empty evidence count: 137
[2026-04-14 15:35:23] [INFO] CPIC unresolved drug_id count: 0
[2026-04-14 15:35:23] [INFO] Verification completed
[2026-04-14 15:35:23] [INFO] Done. Log file: /Users/shwenyu/IdeaProjects/haining_biomed/logs/import_guidelines_20260414_153522.log
[2026-04-14 15:35:23] [INFO] Rollback tip: if this run imported wrong CPIC rows, execute:
[2026-04-14 15:35:23] [INFO]   DELETE FROM dosing_guideline WHERE source='cpic' AND id LIKE 'CPIC_%';
